0x0000
0x0001
0x0011
0x001b
0x0001
0x0001
0xfffe
0x0000
0x0000
0xd69b
0x2964
0xd69b
0x041a
