:n
:z
:p
n:n
n:z
nobranch
n:p
nobranch
z:n
nobranch
z:z
z:p
nobranch
p:n
nobranch
p:z
nobranch
p:p
nz:n
nz:z
nz:p
nobranch
zp:n
nobranch
zp:z
zp:p
np:n
np:z
nobranch
np:p
nzp:n
nzp:z
nzp:p
