0x3002
0x3002
0xbeef
0x4110
0x4110
0x1265
0x126a
0x3100
0x3100
0x000e
0x0000
0x000e
0x0009
0x0000
0x0009
